// Vitest Snapshot v1, https://vitest.dev/guide/snapshot.html

exports[`SubGenerator llm of llm JHipster blueprint > run > should succeed 1`] = `
{
  ".yo-rc.json": {
    "stateCleared": "modified",
  },
  "build-chat.mjs": {
    "stateCleared": "modified",
  },
  "models/README.md": {
    "stateCleared": "modified",
  },
  "models/download-model.mjs": {
    "stateCleared": "modified",
  },
  "package.json": {
    "stateCleared": "modified",
  },
  "src/main/docker/ollama.yml": {
    "stateCleared": "modified",
  },
  "src/main/resources/swagger/api.yml": {
    "stateCleared": "modified",
  },
  "undefinedconfig/ChatCompletionRequestMessageDeserializer.java": {
    "stateCleared": "modified",
  },
  "undefinedconfig/JacksonConfig.java": {
    "stateCleared": "modified",
  },
  "undefinedweb/rest/chat/ModelsApiController.java": {
    "stateCleared": "modified",
  },
}
`;
