// Vitest Snapshot v1, https://vitest.dev/guide/snapshot.html

exports[`SubGenerator llm of llm JHipster blueprint > run > should succeed 1`] = `
{
  ".yo-rc.json": {
    "stateCleared": "modified",
  },
  "models/README.md": {
    "stateCleared": "modified",
  },
  "models/download-model.mjs": {
    "stateCleared": "modified",
  },
  "package.json": {
    "stateCleared": "modified",
  },
}
`;
